17:54:24 **** Incremental Build of configuration Debug for project Exercise 6 ****
make -j8 all 
arm-none-eabi-gcc "../Core/Src/main.c" -mcpu=cortex-m3 -std=gnu11 -g3 -DDEBUG -DUSE_HAL_DRIVER -DSTM32F103x6 -c -I../Core/Inc -I../Drivers/STM32F1xx_HAL_Driver/Inc -I../Drivers/STM32F1xx_HAL_Driver/Inc/Legacy -I../Drivers/CMSIS/Device/ST/STM32F1xx/Include -I../Drivers/CMSIS/Include -O0 -ffunction-sections -fdata-sections -Wall -fstack-usage -MMD -MP -MF"Core/Src/main.d" -MT"Core/Src/main.o" --specs=nano.specs -mfloat-abi=soft -mthumb -o "Core/Src/main.o"
arm-none-eabi-gcc -o "Exercise 6.elf" @"objects.list"   -mcpu=cortex-m3 -T"C:\Users\HP\STM32CubeIDE\workspace_1.7.0\Exercise 6\STM32F103C6UX_FLASH.ld" --specs=nosys.specs -Wl,-Map="Exercise 6.map" -Wl,--gc-sections -static --specs=nano.specs -mfloat-abi=soft -mthumb -Wl,--start-group -lc -lm -Wl,--end-group
Finished building target: Exercise 6.elf
 
arm-none-eabi-size   Exercise\ 6.elf 
arm-none-eabi-objdump -h -S  Exercise\ 6.elf  > "Exercise 6.list"
arm-none-eabi-objcopy  -O ihex  Exercise\ 6.elf  "Exercise 6.hex"
   text	   data	    bss	    dec	    hex	filename
   4908	     20	   1572	   6500	   1964	Exercise 6.elf
arm-none-eabi-objcopy  -O binary  Exercise\ 6.elf  "Exercise 6.bin"
Finished building: default.size.stdout
 
Finished building: Exercise 6.hex
Finished building: Exercise 6.bin
 
 
Finished building: Exercise 6.list
 

17:54:25 Build Finished. 0 errors, 0 warnings. (took 1s.69ms)

