16:04:30 **** Build of configuration Debug for project Exercise 2 ****
make -j8 all 
arm-none-eabi-gcc "../Core/Src/main.c" -mcpu=cortex-m3 -std=gnu11 -g3 -DDEBUG -DUSE_HAL_DRIVER -DSTM32F103x6 -c -I../Core/Inc -I../Drivers/STM32F1xx_HAL_Driver/Inc -I../Drivers/STM32F1xx_HAL_Driver/Inc/Legacy -I../Drivers/CMSIS/Device/ST/STM32F1xx/Include -I../Drivers/CMSIS/Include -O0 -ffunction-sections -fdata-sections -Wall -fstack-usage -MMD -MP -MF"Core/Src/main.d" -MT"Core/Src/main.o" --specs=nano.specs -mfloat-abi=soft -mthumb -o "Core/Src/main.o"
arm-none-eabi-gcc -o "Exercise 2.elf" @"objects.list"   -mcpu=cortex-m3 -T"C:\Users\HP\STM32CubeIDE\workspace_1.7.0\Exercise 2\STM32F103C6UX_FLASH.ld" --specs=nosys.specs -Wl,-Map="Exercise 2.map" -Wl,--gc-sections -static --specs=nano.specs -mfloat-abi=soft -mthumb -Wl,--start-group -lc -lm -Wl,--end-group
Finished building target: Exercise 2.elf
 
arm-none-eabi-size   Exercise\ 2.elf 
arm-none-eabi-objdump -h -S  Exercise\ 2.elf  > "Exercise 2.list"
arm-none-eabi-objcopy  -O ihex  Exercise\ 2.elf  "Exercise 2.hex"
arm-none-eabi-objcopy  -O binary  Exercise\ 2.elf  "Exercise 2.bin"
   text	   data	    bss	    dec	    hex	filename
   4676	     20	   1572	   6268	   187c	Exercise 2.elf
Finished building: default.size.stdout
 
Finished building: Exercise 2.hex
Finished building: Exercise 2.bin
 
 
Finished building: Exercise 2.list
 

16:04:36 Build Finished. 0 errors, 0 warnings. (took 6s.499ms)

